// Jest Snapshot v1, https://goo.gl/fbAQLP

exports[`Auction page tests Auction Page render correctly 1`] = `
<div>
  <div
    style="width: 100%; height: 100%;"
  />
</div>
`;
