// Jest Snapshot v1, https://goo.gl/fbAQLP

exports[`GiftGems works: confirm 1`] = `
<div>
  <h1>
    hello
  </h1>
</div>
`;

exports[`GiftGems works: done 1`] = `
<div>
  <h1>
    hello
  </h1>
</div>
`;

exports[`GiftGems works: error 1`] = `
<div>
  <h1>
    hello
  </h1>
</div>
`;

exports[`GiftGems works: idle 1`] = `
<div>
  <h1>
    hello
  </h1>
</div>
`;

exports[`GiftGems works: loading 1`] = `
<div>
  <h1>
    hello
  </h1>
</div>
`;

exports[`GiftGems works: transferring 1`] = `
<div>
  <h1>
    hello
  </h1>
</div>
`;
