// Jest Snapshot v1, https://goo.gl/fbAQLP

exports[`AvatarDropdown renders correctly 1`] = `
<div>
  <a
    class="dn dib-ns mr3 grow ant-dropdown-trigger"
    data-testid="avatar"
    href="/string"
  >
    <div
      class="dib"
    >
      <span
        class="ant-badge"
      >
        <span
          class="ant-avatar dib ant-avatar-circle ant-avatar-image"
        >
          <img
            src="string"
          />
        </span>
        <sup
          class="ant-scroll-number ant-badge-count ant-badge-zoom-appear"
          data-show="true"
          title="5"
        >
          <span
            class="ant-scroll-number-only"
            style="transform: translateY(-1500%);"
          >
            <p
              class=""
            >
              0
            </p>
            <p
              class=""
            >
              1
            </p>
            <p
              class=""
            >
              2
            </p>
            <p
              class=""
            >
              3
            </p>
            <p
              class=""
            >
              4
            </p>
            <p
              class=""
            >
              5
            </p>
            <p
              class=""
            >
              6
            </p>
            <p
              class=""
            >
              7
            </p>
            <p
              class=""
            >
              8
            </p>
            <p
              class=""
            >
              9
            </p>
            <p
              class=""
            >
              0
            </p>
            <p
              class=""
            >
              1
            </p>
            <p
              class=""
            >
              2
            </p>
            <p
              class=""
            >
              3
            </p>
            <p
              class=""
            >
              4
            </p>
            <p
              class="current"
            >
              5
            </p>
            <p
              class=""
            >
              6
            </p>
            <p
              class=""
            >
              7
            </p>
            <p
              class=""
            >
              8
            </p>
            <p
              class=""
            >
              9
            </p>
            <p
              class=""
            >
              0
            </p>
            <p
              class=""
            >
              1
            </p>
            <p
              class=""
            >
              2
            </p>
            <p
              class=""
            >
              3
            </p>
            <p
              class=""
            >
              4
            </p>
            <p
              class=""
            >
              5
            </p>
            <p
              class=""
            >
              6
            </p>
            <p
              class=""
            >
              7
            </p>
            <p
              class=""
            >
              8
            </p>
            <p
              class=""
            >
              9
            </p>
          </span>
        </sup>
      </span>
      <p
        class="dib"
        data-testid="avatarUsername"
      >
        string
      </p>
    </div>
  </a>
</div>
`;
